\documentclass[english]{SPFShortReport}
\usepackage{subfigure}
\usepackage{longtable}
\usepackage[utf8]{inputenc}
\usepackage{url}
\usepackage{adjustbox}
\usepackage{gensymb}
\usepackage{booktabs}
\usepackage[yyyymmdd,hhmmss]{datetime}
\reportName{System6\_SolarIce\_MFH30\_flatPlate\_HP20-CHE\_tmy-Ac50-Vice20}
\reportSubName{Energy generation costs} 
\reportDate{\today \hspace{0.1cm} at: \currenttime \hspace{0.1cm} h} 
\author{damian.birchler}
\address{damian.birchler}
\begin{document}
\begin{table}[!ht]
\centering
\caption{Assumptions for calculation of heat generation costs}
\begin{adjustbox}{max width =\textwidth}
\begin{tabular}{l | c c c } 
\hline
\hline
$$ &$$ &$$ &$$ \\ 
\hline
Rate & 3.0 \% $per$ $annum$\\ 
Analysis period & 30 $years$\\ 
Maintenance & 1.0 \% $of$ $Investment$ $costs$ $per$ $year$ \\ 
\hline \\ 
Electricity & Fix costs:  0  $Fr.$ $per$ $year$ \\ 
 & Variable costs:  0.20 $Fr.$ $per$ $kWh$ \\ 
Increase of electricity costs & 0.0 \% $per$ $year$ \\ 
Electricity costs year 1 & 4238 Fr. in year 1 \\ 
\hline
\hline
\end{tabular}
\end{adjustbox}
\label{definitionTable}
\end{table}
\begin{table}[!ht]
\centering
\caption{System and Heat generation costs (all values incl. 8$\%$ VAT) }
\begin{adjustbox}{max width =\textwidth}
\begin{tabular}{l | c c c c c } 
\hline
\hline
Group &Component &Costs &Size &LifeTime &Total Costs \\ 
 & &[CHF] & &Years &[CHF]\\ 
\hline
\\
\textbf{TES} & Storage (Stainless Steel) & $\mathbf{-2000}$+$\mathbf{10173}^{+250}_{-100}$/m$^3$ & 2.00 m$^3$ & 30 & $\mathbf{18345.6}^{+500.0}_{-200.0}$ ($\mathbf{13.6}^{+0.9}_{-1.3}$\%) \\
 & Storage (Steel) & $\mathbf{666}$+$\mathbf{1214}^{+0}_{-100}$/m$^3$ & 1.00 m$^3$ & 30 & $\mathbf{1879.8}^{+0}_{-100.0}$ ($\mathbf{1.4}^{+0.1}_{-0.2}$\%) \\
 & electric rod & $\mathbf{600}$+$\mathbf{0}$/m$^3$ & 2.00 m$^3$ & 30 & $\mathbf{600.0}$ ($\mathbf{0.4}^{+0.0}_{-0.0}$\%) \\
&\cline{1-5}
 & \textbf{Total TES} & & & & $\mathbf{20825.4}^{+500.0}_{-300.0}$ ($\mathbf{15.5}^{+1.0}_{-1.6}$\%) \\
\hline \\
\textbf{Col} & Collector & $\mathbf{9282}$+$\mathbf{875}^{+250}_{-100}$/m$^2$ & 50.00 m$^2$ & 30 & $\mathbf{53032.0}^{+12500.0}_{-5000.0}$ ($\mathbf{39.4}^{+11.3}_{-6.8}$\%) \\
\hline \\
\textbf{IceStorage} & Ice Storage (inc. installation) & $\mathbf{0}$+$\mathbf{850}$/m$^3$ & 20.00 m$^3$ & 20 & $\mathbf{17000.0}$ ($\mathbf{12.6}^{+0.5}_{-1.1}$\%) \\
\hline \\
\textbf{Hp} & HeatPump & $\mathbf{8194}$+$\mathbf{363}$/kW & 20.00 kW & 20 & $\mathbf{15454.0}$ ($\mathbf{11.5}^{+0.5}_{-1.0}$\%) \\
\hline \\
\textbf{Installation system} & Installation System (Hydraulics) & $\mathbf{24596}$+$\mathbf{193}$/kW & 20.00 kW & 30 & $\mathbf{28456.0}$ ($\mathbf{21.1}^{+0.9}_{-1.9}$\%) \\
\hline \\
 & \textbf{Total Investment Cost} & & & & \textbf{$\mathbf{134767.40}^{+13000.00}_{-5300.00}$} (100\%) \\ 
\hline \\ 
\hline \\ 
Annuity & Annuity (yearly costs over lifetime)  &&& & 12987 $CHF/a$  \\
 & Share of Investment & &&& 7401 $CHF/a$ (57\%) \\
 & Share of Electricity & 0+0.20/kWh & 21190 kWh &  & 4238 $CHF/a$ (33\%)\\
 & Share of Maintenance & &&& 1348 $CHF/a$ (10\%)\\ 
 & Share of Transmission grid & 0+0.00/kWh & 35979 kWh & &  0 $CHF/a$ ( 0\%)\\
 & Share of Residual Value &&& &  0 $CHF/a$ ( 0\%)\\
Present Value  & Present Value of all costs  & &&& 244249.14 CHF \\
\hline \\ 
 Energy Generation Costs & Using annuity: &&& 26.35 & $Rp./kWh$ \\
\hline
\hline
\end{tabular}
\end{adjustbox}
\label{CostsTable}
\end{table}
\begin{figure}[!htbp]
\begin{center}
\includegraphics[width=1\textwidth]{C:/Users/damian.birchler/src/pytrnsys/tests/pytrnsys/utils/cost_calculation/output/actual/results/System6_SolarIce_MFH30_flatPlate_HP20-CHE_tmy-Ac50-Vice20/costShare-System6_SolarIce_MFH30_flatPlate_HP20-CHE_tmy-Ac50-Vice20.pdf}
\caption{System cost}
\label{systemCost}
\end{center}
\end{figure}
\begin{figure}[!htbp]
\begin{center}
\includegraphics[width=1\textwidth]{C:/Users/damian.birchler/src/pytrnsys/tests/pytrnsys/utils/cost_calculation/output/actual/results/System6_SolarIce_MFH30_flatPlate_HP20-CHE_tmy-Ac50-Vice20/costShareAnnuity-System6_SolarIce_MFH30_flatPlate_HP20-CHE_tmy-Ac50-Vice20.pdf}
\caption{System cost annuity share}
\label{systemCostannuity}
\end{center}
\end{figure}
\end{document}
