{
  "AcollAp": 50.0,
  "AcolvsMWh": 1.0143630408136077,
  "E_yearly": 35979.33887926637,
  "ElHeatSys_Tot": 21190.017680009045,
  "Name": "CHE_tmy",
  "PColl_kWm2_Tot": 722.3772399102726,
  "Pcoll_kW_Tot": 36118.861995513646,
  "Pdhw_kW_Tot": 17374.563504633945,
  "PheatBui_kW_Tot": 31917.453246977617,
  "Q_DHW": 17374.563504633945,
  "Q_SH": 31917.453246977617,
  "Q_yearly": 49292.01675161156,
  "VIceS": 20.0,
  "VicevsMWh": 0.40404040404040403,
  "Vol_Tes1": 2.0,
  "Vol_Tes2": 1.0,
  "energyCost": 0.26347167052081305,
  "investment": 134767.4,
  "investmentPerM2": 2695.348,
  "investmentPerMWh": 2734.0613933308764,
  "renShare_Tot": 0.5701125846242383,
  "sizeHpUsed": 20.0,
  "yearSpfShpDis": 2.3261904494829353
}