{
  "AcollAp": 7458.507650369754,
  "AirHxSize": 0,
  "CollAM2PerMWh": 1.0,
  "CollP_Avg": 723.2047454277774,
  "CollTIn_Min": -9.765260253405437,
  "CrysPowerkW": 6000,
  "EMax_MWh": 1020.9690369257378,
  "EStore_MWh": 1213.2075973125516,
  "E_yearly_used": 1854891.6686930293,
  "IceM3PerMWh": 1.76,
  "IceM3PerMWh80": 1.853,
  "IceM3PerMWhLatent": 1.48,
  "IceM3PerMWhReal": 1.48,
  "IceM3PerMWhUsed": 1.48,
  "LatentEnergyDeliveredByTesMWh": 1316.9197287880895,
  "MMaxNorm_t_per_GWh": 1477.6509791661222,
  "MStoreNorm_t_per_GWh": 1755.8783168377965,
  "Name": "0",
  "QIceSMWhperGWh": 155.0,
  "QPsTotadditional": -9.541492349630246,
  "QPs_Max": 0.005646675125694,
  "QPs_Tot": 7.458507650369754,
  "Q_heat_used": 7458507.650369754,
  "Qcond_Tot": 7.609543336119368,
  "QelHPs_Tot": 1.8924534502591326,
  "Qsources_Max": 0.006666215021073571,
  "Qsources_Tot": 6.335273569947335,
  "SensibleEnergyDeliveredByTesMWh": 1834.4722593612082,
  "TesCapacityLatentMaxMWh": 970.5660778500412,
  "TesCapacityLatentUsedMWh": 816.7752295405902,
  "TesCapacitySensibleMWh": 706.6533659830114,
  "TesTotalUsedCapacityMWh": 1677.2194438330525,
  "VIceLat": 11054.233834189452,
  "VIceRatio_Max": 84.1545205608131,
  "VIceS": 13135.638775579811,
  "Vol_TesUsed": 0,
  "averagePowerGW2500flh": 0.0025341094279789336,
  "cumsum_QmismatchSourceDemand_End": 1123234.0804224391,
  "energyCost": {
    "mean": 0.13858959194257162,
    "toLowerBound": 0.0,
    "toUpperBound": 0.0
  },
  "fullLoadHoursAt6MW": 1055.8789283245558,
  "investment": {
    "mean": 10890694.017128462,
    "toLowerBound": 0.0,
    "toUpperBound": 0.0
  },
  "investmentPerM2": {
    "mean": 1460.170657140582,
    "toLowerBound": 0.0,
    "toUpperBound": 0.0
  },
  "investmentPerMWh": {
    "mean": 1460.170657140582,
    "toLowerBound": 0.0,
    "toUpperBound": 0.0
  },
  "nCycleLat": 1.3568573627725347,
  "nCycleSen": 2.596000171610745,
  "nCycleTotal": 1.8789383820564518,
  "spf": 4.020993665697509
}