{
  "AcollAp": 12430.84608394955,
  "AirHxSize": 0,
  "CollAM2PerMWh": 1.0,
  "CollP_Avg": 1203.8411805256426,
  "CollTIn_Min": -2.303613243627498,
  "CrysPowerkW": 6000,
  "EMax_MWh": 2057.676612792305,
  "EStore_MWh": 2478.5961665525247,
  "E_yearly_used": 3048325.7316005216,
  "IceM3PerMWh": 2.16,
  "IceM3PerMWh80": 2.24,
  "IceM3PerMWhLatent": 1.79,
  "IceM3PerMWhReal": 1.79,
  "IceM3PerMWhUsed": 1.79,
  "LatentEnergyDeliveredByTesMWh": 2619.9987418999413,
  "MMaxNorm_t_per_GWh": 1786.848230493957,
  "MStoreNorm_t_per_GWh": 2152.3669690269835,
  "Name": "0",
  "QIceSMWhperGWh": 190.0,
  "QPsTotadditional": -4.5691539160504515,
  "QPs_Max": 0.009411125209489998,
  "QPs_Tot": 12.430846083949548,
  "Q_heat_used": 12430846.08394955,
  "Qcond_Tot": 12.642900582601069,
  "QelHPs_Tot": 3.100326309869744,
  "Qsources_Max": 0.011108789708436099,
  "Qsources_Tot": 10.545648741404625,
  "SensibleEnergyDeliveredByTesMWh": 3409.3569477578885,
  "TesCapacityLatentMaxMWh": 1982.8769332420197,
  "TesCapacityLatentUsedMWh": 1646.1412902338443,
  "TesCapacitySensibleMWh": 1458.32802472507,
  "TesTotalUsedCapacityMWh": 3441.2049579670897,
  "VIceLat": 22278.871944481434,
  "VIceRatio_Max": 83.01782438622602,
  "VIceS": 26836.25126193725,
  "Vol_TesUsed": 0,
  "averagePowerGW2500flh": 0.00421825949656185,
  "cumsum_QmismatchSourceDemand_End": 1885197.3425449736,
  "energyCost": {
    "mean": 0.08582333234885381,
    "toLowerBound": 0.0,
    "toUpperBound": 0.0
  },
  "fullLoadHoursAt6MW": 1757.6081235674374,
  "investment": {
    "mean": 8255963.559773544,
    "toLowerBound": 0.0,
    "toUpperBound": 0.0
  },
  "investmentPerM2": {
    "mean": 664.1513782745225,
    "toLowerBound": 0.0,
    "toUpperBound": 0.0
  },
  "investmentPerMWh": {
    "mean": 664.1513782745225,
    "toLowerBound": 0.0,
    "toUpperBound": 0.0
  },
  "nCycleLat": 1.321311826254503,
  "nCycleSen": 2.3378532744034968,
  "nCycleTotal": 1.752105952218465,
  "spf": 4.077925779087506
}