{
  "AcollAp": 4972.338433579863,
  "AirHxSize": 0,
  "CollAM2PerMWh": 2.0,
  "CollP_Avg": 380.30246960188595,
  "CollTIn_Min": -1.69216166337697,
  "CrysPowerkW": 6000,
  "EMax_MWh": 30.78052508659271,
  "EStore_MWh": 46.962874734679396,
  "E_yearly_used": 572361.9984868364,
  "IceM3PerMWh": 0.2,
  "IceM3PerMWh80": 0.168,
  "IceM3PerMWhLatent": 0.13,
  "IceM3PerMWhUsed": 0.13,
  "MMaxNorm_t_per_GWh": 133.64618726461686,
  "MStoreNorm_t_per_GWh": 203.90844969729136,
  "Name": "0",
  "QIceSMWhperGWh": 18.0,
  "QPsTotadditional": -14.513830783210068,
  "QPs_Max": 0.0018822250418979998,
  "QPs_Tot": 2.486169216789931,
  "Q_heat_used": 2486169.216789931,
  "Qcond_Tot": 2.557187465236363,
  "QelHPs_Tot": 0.5887117088506056,
  "Qsources_Max": 0.004379273866522857,
  "Qsources_Tot": 3.3314496337125195,
  "VIceLat": 333.26683723032386,
  "VIceRatio_Max": 65.54225068309768,
  "VIceS": 508.47633969986356,
  "Vol_TesUsed": 0,
  "averagePowerGW2500flh": 0.0013325798534850077,
  "cumsum_QmismatchSourceDemand_End": -845280.41692261,
  "energyCost": {
    "mean": 0.0936515043616939,
    "toLowerBound": 0.0,
    "toUpperBound": 0.0
  },
  "fullLoadHoursAt6MW": 555.2416056187533,
  "investment": {
    "mean": 2316140.720153773,
    "toLowerBound": 0.0,
    "toUpperBound": 0.0
  },
  "investmentPerM2": {
    "mean": 465.8051239055051,
    "toLowerBound": 0.0,
    "toUpperBound": 0.0
  },
  "investmentPerMWh": {
    "mean": 931.6102478110104,
    "toLowerBound": 0.0,
    "toUpperBound": 0.0
  },
  "spf": 4.343700705781762
}