{
  "Ac_case": 1.0022010315402083,
  "AcollAp": 58.086,
  "ElHeatSys_Tot": 23491.43882863751,
  "IT_surfUser_1_Wm2_Apr": 136694.1024041424,
  "IT_surfUser_1_Wm2_Aug": 156673.2854088248,
  "IT_surfUser_1_Wm2_Dec": 43147.133311157595,
  "IT_surfUser_1_Wm2_Feb": 76661.76018487534,
  "IT_surfUser_1_Wm2_Jan": 52208.52406895022,
  "IT_surfUser_1_Wm2_Jul": 146314.9865006654,
  "IT_surfUser_1_Wm2_Jun": 156175.71257094928,
  "IT_surfUser_1_Wm2_Mar": 115394.91976631961,
  "IT_surfUser_1_Wm2_May": 127648.209761135,
  "IT_surfUser_1_Wm2_Nov": 58272.5122879158,
  "IT_surfUser_1_Wm2_Oct": 88247.86736317903,
  "IT_surfUser_1_Wm2_Sep": 112744.19449014429,
  "Name": "CityBAS_dryNAc1.0x58.086Vice0.4x58.086HP1.0x18.442",
  "SpfShpDisPen_Apr": 5.400813291416914,
  "SpfShpDisPen_Aug": 10.70844280708967,
  "SpfShpDisPen_Dec": 1.6768233524395564,
  "SpfShpDisPen_Feb": 1.86259048910845,
  "SpfShpDisPen_Jan": 1.3374116950225512,
  "SpfShpDisPen_Jul": 8.248637366156599,
  "SpfShpDisPen_Jun": 10.435046937303435,
  "SpfShpDisPen_Mar": 3.684023731048826,
  "SpfShpDisPen_May": 4.227542542050262,
  "SpfShpDisPen_Nov": 3.6559098658928204,
  "SpfShpDisPen_Oct": 4.12646139374583,
  "SpfShpDisPen_Sep": 6.571657656289251,
  "SpfShpDisPlus_Apr": 4.869649721934472,
  "SpfShpDisPlus_Aug": 10.899555018666453,
  "SpfShpDisPlus_Dec": 1.6467428047311852,
  "SpfShpDisPlus_Feb": 1.8173908208509681,
  "SpfShpDisPlus_Jan": 1.3174920017990481,
  "SpfShpDisPlus_Jul": 8.303780229369023,
  "SpfShpDisPlus_Jun": 10.534790587993626,
  "SpfShpDisPlus_Mar": 3.473637107705039,
  "SpfShpDisPlus_May": 3.9864921855164863,
  "SpfShpDisPlus_Nov": 3.464005415175199,
  "SpfShpDisPlus_Oct": 3.7986097242989008,
  "SpfShpDisPlus_Sep": 6.091280784033994,
  "SpfShpDis_Apr": 5.459325118568066,
  "SpfShpDis_Aug": 11.070737366769052,
  "SpfShpDis_Dec": 1.68547324418172,
  "SpfShpDis_Feb": 1.8697375739145565,
  "SpfShpDis_Jan": 1.3419253374539422,
  "SpfShpDis_Jul": 8.419455819376962,
  "SpfShpDis_Jun": 10.70749419764606,
  "SpfShpDis_Mar": 3.70988000820343,
  "SpfShpDis_May": 4.268941172884564,
  "SpfShpDis_Nov": 3.6848944665114605,
  "SpfShpDis_Oct": 4.167684528827439,
  "SpfShpDis_Sep": 6.697329751993849,
  "VIceS": 23.2344,
  "Vice_case": 0.4008804126160833,
  "Vol_TesDHW": 2,
  "Vol_TesSH": 1.29525,
  "building": "mfb30",
  "case": "mfb30_real",
  "city": "BAS",
  "energyCost": {
    "mean": 0.2396402044532803,
    "toLowerBound": -0.00021056214796880135,
    "toUpperBound": 0.0005264053699219895
  },
  "hydraulic": "HydD",
  "investment": {
    "mean": 141428.71045,
    "toLowerBound": -200.0,
    "toUpperBound": 500.0
  },
  "investmentPerM2": {
    "mean": 2434.8157981269155,
    "toLowerBound": -3.4431704713701947,
    "toUpperBound": 8.60792617842526
  },
  "investmentPerMWh": {
    "mean": 2440.1749044931903,
    "toLowerBound": -3.4507489981756407,
    "toUpperBound": 8.626872495439784
  },
  "qAuxStoreDHW_KW_Apr": 0.0,
  "qAuxStoreDHW_KW_Aug": 0.0,
  "qAuxStoreDHW_KW_Dec": 427.2396666666668,
  "qAuxStoreDHW_KW_Feb": 322.7350000000001,
  "qAuxStoreDHW_KW_Jan": 864.9298000000003,
  "qAuxStoreDHW_KW_Jul": 0.0,
  "qAuxStoreDHW_KW_Jun": 0.0,
  "qAuxStoreDHW_KW_Mar": 0.0,
  "qAuxStoreDHW_KW_May": 0.0,
  "qAuxStoreDHW_KW_Nov": 0.0,
  "qAuxStoreDHW_KW_Oct": 0.0,
  "qAuxStoreDHW_KW_Sep": 0.0,
  "qAuxStoreSH_KW_Apr": 0.0,
  "qAuxStoreSH_KW_Aug": 0.0,
  "qAuxStoreSH_KW_Dec": 3581.4364000000014,
  "qAuxStoreSH_KW_Feb": 2390.697933333334,
  "qAuxStoreSH_KW_Jan": 5109.663466665918,
  "qAuxStoreSH_KW_Jul": 0.0,
  "qAuxStoreSH_KW_Jun": 0.0,
  "qAuxStoreSH_KW_Mar": 0.0,
  "qAuxStoreSH_KW_May": 0.0,
  "qAuxStoreSH_KW_Nov": 0.0,
  "qAuxStoreSH_KW_Oct": 0.0,
  "qAuxStoreSH_KW_Sep": 0.0,
  "qDemand_Apr": 4436.659474894979,
  "qDemand_Aug": 1534.54411543836,
  "qDemand_Dec": 9272.03379373642,
  "qDemand_Feb": 7574.562642770299,
  "qDemand_Jan": 9332.822291419467,
  "qDemand_Jul": 1315.743359859303,
  "qDemand_Jun": 1421.887975235436,
  "qDemand_Mar": 6094.919764740363,
  "qDemand_May": 2806.8589028874608,
  "qDemand_Nov": 7170.071051846216,
  "qDemand_Oct": 4996.91119449695,
  "qDemand_Sep": 2001.4170965615285,
  "qSysOut_BuiDemand_Apr": 3016.177937188934,
  "qSysOut_BuiDemand_Aug": 0.0,
  "qSysOut_BuiDemand_Dec": 7795.743724555104,
  "qSysOut_BuiDemand_Feb": 6266.809894573636,
  "qSysOut_BuiDemand_Jan": 7803.6269947083365,
  "qSysOut_BuiDemand_Jul": 0.0,
  "qSysOut_BuiDemand_Jun": 0.0,
  "qSysOut_BuiDemand_Mar": 4728.042124592934,
  "qSysOut_BuiDemand_May": 1312.2848196911639,
  "qSysOut_BuiDemand_Nov": 5813.393747608533,
  "qSysOut_BuiDemand_Oct": 3482.6469072485243,
  "qSysOut_BuiDemand_Sep": 672.9808248173016,
  "qSysOut_DhwDemand_Apr": 1420.481537706045,
  "qSysOut_DhwDemand_Aug": 1534.54411543836,
  "qSysOut_DhwDemand_Dec": 1476.2900691813172,
  "qSysOut_DhwDemand_Feb": 1307.752748196664,
  "qSysOut_DhwDemand_Jan": 1529.1952967111292,
  "qSysOut_DhwDemand_Jul": 1315.743359859303,
  "qSysOut_DhwDemand_Jun": 1421.887975235436,
  "qSysOut_DhwDemand_Mar": 1366.877640147429,
  "qSysOut_DhwDemand_May": 1494.574083196297,
  "qSysOut_DhwDemand_Nov": 1356.6773042376828,
  "qSysOut_DhwDemand_Oct": 1514.264287248426,
  "qSysOut_DhwDemand_Sep": 1328.436271744227,
  "scaleAcoll": "Ac1.0",
  "scaleVice": "Vice0.4",
  "sizeHpUsed": 18.442,
  "tambAVG_Apr": 9.774999898918738,
  "tambAVG_Aug": 18.944976341148163,
  "tambAVG_Dec": 2.2399968615019947,
  "tambAVG_Feb": 2.9282647928187995,
  "tambAVG_Jan": 2.027554280688239,
  "tambAVG_Jul": 19.406080427819667,
  "tambAVG_Jun": 18.1944836086035,
  "tambAVG_Mar": 7.192851679249081,
  "tambAVG_May": 13.500616258954704,
  "tambAVG_Nov": 5.831955975071684,
  "tambAVG_Oct": 10.828863984987615,
  "tambAVG_Sep": 15.114044854232409,
  "user": "real",
  "yearQDemand": 57958.431663886775,
  "yearSpfShpDis": 2.467215060204481,
  "yearSpfShpDisPen": 2.452735507323326,
  "yearSpfShpDisPlus": 2.375340863514827
}