\documentclass[english]{SPFShortReport}
\usepackage{subfigure}
\usepackage{longtable}
\usepackage[utf8]{inputenc}
\usepackage{url}
\usepackage{adjustbox}
\usepackage{gensymb}
\usepackage{booktabs}
\usepackage[yyyymmdd,hhmmss]{datetime}
\reportName{complete-0-A1-P1.8000-V225}
\reportSubName{Energy generation costs} 
\reportDate{\today \hspace{0.1cm} at: \currenttime \hspace{0.1cm} h} 
\author{<not-set>}
\address{<not-set>}
\begin{document}
\begin{table}[!ht]
\centering
\caption{Assumptions for calculation of heat generation costs}
\begin{adjustbox}{max width =\textwidth}
\begin{tabular}{l | c c c } 
\hline
\hline
$$ &$$ &$$ &$$ \\ 
\hline
Rate & 1.0 \% per annum\\
Analysis period & 30 years\\
Maintenance & 1.0 \% of Investment costs per year \\
\hline \\
Electricity & Fix costs:  0  Fr. per year \\
 & Variable costs:  0.20 $Fr.$ $per$ $kWh$ \\
Increase of electricity costs & 0.0 \% per year \\
Electricity costs year 1 & 1084965 Fr. in year 1 \\
Energy demand per year & 22375523 kWh \\
\hline
\hline
\end{tabular}
\end{adjustbox}
\label{definitionTable}
\end{table}
\begin{table}[!ht]
\centering
\caption{System and Heat generation costs (all values incl. 8$\%$ VAT) }
\begin{adjustbox}{max width =\textwidth}
\begin{tabular}{l | c c c c c } 
\hline
\hline
Group &Component &Costs &Size &LifeTime &Total Costs \\ 
 & &[CHF] & &Years &[CHF]\\ 
\hline
\\
\hline \\
\textbf{Col} & Collector & 0+400/m$^2$ & 22375.52 m$^2$ & 30 & 8950209.2 (58.6\%) \\
\hline \\
\hline \\
\textbf{IceSlurryStorage} & pit storage casing & 0+100/m$^3$ & 57203.59 m$^3$ & 20 & 5720358.8 (37.5\%) \\
 & Crystallizer & 0+100/kW & 6000.00 kW & 20 & 600000.0 (3.9\%) \\
&\cline{1-5}
 & \textbf{Total IceSlurryStorage} & & & & 6320358.8 (41.4\%) \\
\hline \\
 & \textbf{Total Investment Cost} & & & & \textbf{15270568.00} (100\%) \\ 
\hline \\ 
\hline \\ 
Annuity & Annuity (yearly costs over lifetime)  &&& & 1934719 /a  \\
 & Share of Investment & &&& 697048 /a (36\%) \\
 & Share of Electricity & 0+0.20/kWh & 5424825 kWh &  & 1084965 /a (56\%)\\
 & Share of Maintenance & &&& 152706 /a ( 8\%)\\ 
 & Share of Yearly cost & 0+0.00/kWh & 5424825 kWh & &  0 /a ( 0\%)\\
 & Share of Residual Value &&& &  0 /a ( 0\%)\\
Present Value  & Present Value of all costs  & &&& 47212014.09 CHF \\
\hline \\ 
 Energy Generation Costs & Using annuity: &&& 8.65 & Rp./kWh \\
\hline
\hline
\end{tabular}
\end{adjustbox}
\label{CostsTable}
\end{table}
\begin{figure}[!htbp]
\begin{center}
\includegraphics[width=1\textwidth]{costShare-complete-0-A1-P1.8000-V225.pdf}
\caption{System cost}
\label{systemCost}
\end{center}
\end{figure}
\begin{figure}[!htbp]
\begin{center}
\includegraphics[width=1\textwidth]{costShareAnnuity-complete-0-A1-P1.8000-V225.pdf}
\caption{System cost annuity share}
\label{systemCostannuity}
\end{center}
\end{figure}
\end{document}
