{
  "AcollAp": 41021.7920770333,
  "AirHxSize": 0,
  "CollAM2PerMWh": 1.5,
  "CollP_Avg": 2988.1577080017123,
  "CollTIn_Min": -0.8760536860918491,
  "CrysPowerkW": 6000,
  "EMax_MWh": 3432.1968835618,
  "EStore_MWh": 4448.427856812688,
  "E_yearly_used": 6230447.237875814,
  "IceM3PerMWh": 1.76,
  "IceM3PerMWh80": 1.699,
  "IceM3PerMWhLatent": 1.36,
  "IceM3PerMWhReal": 1.36,
  "IceM3PerMWhUsed": 1.4,
  "LatentEnergyDeliveredByTesMWh": 5541.1086373260705,
  "MMaxNorm_t_per_GWh": 1354.752798280176,
  "MStoreNorm_t_per_GWh": 1755.8783168378116,
  "Name": "0",
  "QIceSMWhperGWh": 155.0,
  "QPsTotadditional": 10.347861384688862,
  "QPs_Max": 0.020704475460878002,
  "QPs_Tot": 27.347861384688862,
  "Q_heat_used": 27347861.38468886,
  "Qcond_Tot": 26.70385156672716,
  "QelHPs_Tot": 6.08372756809824,
  "Qsources_Max": 0.03663382713328637,
  "Qsources_Tot": 26.176261522095025,
  "SensibleEnergyDeliveredByTesMWh": 11631.616237305194,
  "TesCapacityLatentMaxMWh": 3558.742285450151,
  "TesCapacityLatentUsedMWh": 2745.7575068494402,
  "TesCapacitySensibleMWh": 3616.98425459415,
  "TesTotalUsedCapacityMWh": 7175.726540044301,
  "VIceLat": 37161.07496277393,
  "VIceRatio_Max": 77.15527809011112,
  "VIceS": 48164.00884379264,
  "Vol_TesUsed": 0,
  "averagePowerGW2500flh": 0.01047050460883801,
  "cumsum_QmismatchSourceDemand_End": 1171599.8625940175,
  "energyCost": {
    "mean": 0.0877691666281226,
    "toLowerBound": 0.0,
    "toUpperBound": 0.0
  },
  "fullLoadHoursAt6MW": 4362.710253682504,
  "investment": {
    "mean": 21825117.715192586,
    "toLowerBound": 0.0,
    "toUpperBound": 0.0
  },
  "investmentPerM2": {
    "mean": 532.0371590350809,
    "toLowerBound": 0.0,
    "toUpperBound": 0.0
  },
  "investmentPerMWh": {
    "mean": 798.0557385526214,
    "toLowerBound": 0.0,
    "toUpperBound": 0.0
  },
  "nCycleLat": 1.5570412783136296,
  "nCycleSen": 3.215832698893056,
  "nCycleTotal": 2.3931688002320732,
  "spf": 4.389389772605272
}