{
  "AcollAp": 17403.184517529513,
  "AirHxSize": 0,
  "CollAM2PerMWh": 1.0,
  "CollP_Avg": 1679.128325878151,
  "CollTIn_Min": -2.37939384911261,
  "CrysPowerkW": 6000,
  "EMax_MWh": 3070.116039680167,
  "EStore_MWh": 3652.6680349195094,
  "E_yearly_used": 4244591.049209726,
  "IceM3PerMWh": 2.27,
  "IceM3PerMWh80": 2.388,
  "IceM3PerMWhLatent": 1.91,
  "IceM3PerMWhReal": 1.91,
  "IceM3PerMWhUsed": 1.91,
  "LatentEnergyDeliveredByTesMWh": 3840.4934148472134,
  "MMaxNorm_t_per_GWh": 1904.3084733837609,
  "MStoreNorm_t_per_GWh": 2265.649441081016,
  "Name": "0",
  "QIceSMWhperGWh": 200.0,
  "QPsTotadditional": 0.4031845175295139,
  "QPs_Max": 0.013175575293286003,
  "QPs_Tot": 17.403184517529514,
  "Q_heat_used": 17403184.517529514,
  "Qcond_Tot": 17.669866706929266,
  "QelHPs_Tot": 4.309634135604039,
  "Qsources_Max": 0.01555254934140693,
  "Qsources_Tot": 14.709164134692607,
  "SensibleEnergyDeliveredByTesMWh": 5064.396786945251,
  "TesCapacityLatentMaxMWh": 2922.1344279356076,
  "TesCapacityLatentUsedMWh": 2456.092831744134,
  "TesCapacitySensibleMWh": 2177.4015560712933,
  "TesTotalUsedCapacityMWh": 5099.535984006901,
  "VIceLat": 33240.75400260033,
  "VIceRatio_Max": 84.05132933871502,
  "VIceS": 39548.15975443384,
  "Vol_TesUsed": 0,
  "averagePowerGW2500flh": 0.0058836656538770425,
  "cumsum_QmismatchSourceDemand_End": 2694020.382836853,
  "energyCost": {
    "mean": 0.08539942177351507,
    "toLowerBound": 0.0,
    "toUpperBound": 0.0
  },
  "fullLoadHoursAt6MW": 2451.527355782101,
  "investment": {
    "mean": 11516089.78245519,
    "toLowerBound": 0.0,
    "toUpperBound": 0.0
  },
  "investmentPerM2": {
    "mean": 661.7231329619877,
    "toLowerBound": 0.0,
    "toUpperBound": 0.0
  },
  "investmentPerMWh": {
    "mean": 661.7231329619877,
    "toLowerBound": 0.0,
    "toUpperBound": 0.0
  },
  "nCycleLat": 1.3142767759525684,
  "nCycleSen": 2.3258901293719063,
  "nCycleTotal": 1.7462157791845898,
  "spf": 4.100085100252404
}