{
  "AcollAp": 50.0,
  "AcolvsMWh": 1.0175072202033189,
  "E_yearly": 36589.19639010195,
  "ElHeatSys_Tot": 20541.095111700757,
  "Name": "CHE_tmy",
  "PColl_kWm2_Tot": 733.2678668293239,
  "Pcoll_kW_Tot": 36663.393341466166,
  "Pdhw_kW_Tot": 17370.865697027835,
  "PheatBui_kW_Tot": 31768.834746580786,
  "Q_DHW": 17370.865697027835,
  "Q_SH": 31768.834746580786,
  "Q_yearly": 49139.70044360862,
  "VIceS": 25.0,
  "VicevsMWh": 0.5050505050505051,
  "Vol_Tes1": 2.0,
  "Vol_Tes2": 1.0,
  "energyCost": 0.2683254501244515,
  "investment": 139017.4,
  "investmentPerM2": 2780.348,
  "investmentPerMWh": 2829.0241646778572,
  "renShare_Tot": 0.5819857482592277,
  "sizeHpUsed": 20.0,
  "yearSpfShpDis": 2.3922629332268337
}