\documentclass[english]{SPFShortReport}
\usepackage{subfigure}
\usepackage{longtable}
\usepackage[utf8]{inputenc}
\usepackage{url}
\usepackage{adjustbox}
\usepackage{gensymb}
\usepackage{booktabs}
\usepackage[yyyymmdd,hhmmss]{datetime}
\reportName{complete-0-A1.5000-P0.2000-V35.5000}
\reportSubName{Energy generation costs} 
\reportDate{\today \hspace{0.1cm} at: \currenttime \hspace{0.1cm} h} 
\author{<not-set>}
\address{<not-set>}
\begin{document}
\begin{table}[!ht]
\centering
\caption{Assumptions for calculation of heat generation costs}
\begin{adjustbox}{max width =\textwidth}
\begin{tabular}{l | c c c } 
\hline
\hline
$$ &$$ &$$ &$$ \\ 
\hline
Rate & 1.0 \% per annum\\
Analysis period & 30 years\\
Maintenance & 1.0 \% of Investment costs per year \\
\hline \\
Electricity & Fix costs:  0  Fr. per year \\
 & Variable costs:  0.20 $Fr.$ $per$ $kWh$ \\
Increase of electricity costs & 0.0 \% per year \\
Electricity costs year 1 & 119155 Fr. in year 1 \\
Energy demand per year & 2486169 kWh \\
\hline
\hline
\end{tabular}
\end{adjustbox}
\label{definitionTable}
\end{table}
\begin{table}[!ht]
\centering
\caption{System and Heat generation costs (all values incl. 8$\%$ VAT) }
\begin{adjustbox}{max width =\textwidth}
\begin{tabular}{l | c c c c c } 
\hline
\hline
Group &Component &Costs &Size &LifeTime &Total Costs \\ 
 & &[CHF] & &Years &[CHF]\\ 
\hline
\\
\hline \\
\textbf{Col} & Collector & 0+400/m$^2$ & 3729.25 m$^2$ & 30 & 1491701.5 (70.5\%) \\
\hline \\
\hline \\
\textbf{IceStorage} & concrete casing and digging & 21967+248/m$^3$ & 1002.83 m$^3$ & 20 & 270969.3 (12.8\%) \\
 & heat exchanger & 0+352/m$^3$ & 1002.83 m$^3$ & 20 & 352995.6 (16.7\%) \\
&\cline{1-5}
 & \textbf{Total IceStorage} & & & & 623964.9 (29.5\%) \\
\hline \\
 & \textbf{Total Investment Cost} & & & & \textbf{2115666.38} (100\%) \\ 
\hline \\ 
\hline \\ 
Annuity & Annuity (yearly costs over lifetime)  &&& & 232689 /a  \\
 & Share of Investment & &&& 92378 /a (40\%) \\
 & Share of Electricity & 0+0.20/kWh & 595774 kWh &  & 119155 /a (51\%)\\
 & Share of Maintenance & &&& 21157 /a ( 9\%)\\ 
 & Share of Yearly cost & 0+0.00/kWh & 595774 kWh & &  0 /a ( 0\%)\\
 & Share of Residual Value &&& &  0 /a ( 0\%)\\
Present Value  & Present Value of all costs  & &&& 5736782.35 CHF \\
\hline \\ 
 Energy Generation Costs & Using annuity: &&& 9.36 & Rp./kWh \\
\hline
\hline
\end{tabular}
\end{adjustbox}
\label{CostsTable}
\end{table}
\begin{figure}[!htbp]
\begin{center}
\includegraphics[width=1\textwidth]{costShare-complete-0-A1.5000-P0.2000-V35.5000.pdf}
\caption{System cost}
\label{systemCost}
\end{center}
\end{figure}
\begin{figure}[!htbp]
\begin{center}
\includegraphics[width=1\textwidth]{costShareAnnuity-complete-0-A1.5000-P0.2000-V35.5000.pdf}
\caption{System cost annuity share}
\label{systemCostannuity}
\end{center}
\end{figure}
\end{document}
