{
  "AcollAp": 11187.761475554631,
  "AirHxSize": 0,
  "CollAM2PerMWh": 1.5,
  "CollP_Avg": 889.7273424689693,
  "CollTIn_Min": -1.07006533666075,
  "CrysPowerkW": 6000,
  "EMax_MWh": 653.8463429529388,
  "EStore_MWh": 821.8503078568897,
  "E_yearly_used": 1728071.2760961088,
  "IceM3PerMWh": 1.19,
  "IceM3PerMWh80": 1.186,
  "IceM3PerMWhLatent": 0.95,
  "IceM3PerMWhReal": 0.95,
  "LatentEnergyDeliveredByTesMWh": 1169.8039626545435,
  "MMaxNorm_t_per_GWh": 946.3134080910171,
  "MStoreNorm_t_per_GWh": 1189.4659565675395,
  "Name": "0",
  "QIceSMWhperGWh": 105.0,
  "QPsTotadditional": -9.541492349630246,
  "QPs_Max": 0.005646675125694,
  "QPs_Tot": 7.458507650369754,
  "Q_heat_used": 7458507.650369754,
  "Qcond_Tot": 7.573399202604408,
  "QelHPs_Tot": 1.754690648306977,
  "Qsources_Max": 0.009989041351142874,
  "Qsources_Tot": 7.794011520028177,
  "SensibleEnergyDeliveredByTesMWh": 2706.5412188464034,
  "TesCapacityLatentMaxMWh": 657.4802462855117,
  "TesCapacityLatentUsedMWh": 523.077074362351,
  "TesCapacitySensibleMWh": 631.7175525523566,
  "TesTotalUsedCapacityMWh": 1289.1977988378683,
  "VIceLat": 7079.323765189897,
  "VIceRatio_Max": 79.55783878185203,
  "VIceS": 8898.335944747614,
  "Vol_TesUsed": 0,
  "averagePowerGW2500flh": 0.003117604608011271,
  "cumsum_QmismatchSourceDemand_End": -335503.8696584074,
  "energyCost": {
    "mean": 0.12262925459945945,
    "toLowerBound": 0.0,
    "toUpperBound": 0.0
  },
  "fullLoadHoursAt6MW": 1299.001920004696,
  "investment": {
    "mean": 9838742.657853846,
    "toLowerBound": 0.0,
    "toUpperBound": 0.0
  },
  "investmentPerM2": {
    "mean": 879.4201305910566,
    "toLowerBound": 0.0,
    "toUpperBound": 0.0
  },
  "investmentPerMWh": {
    "mean": 1319.130195886585,
    "toLowerBound": 0.0,
    "toUpperBound": 0.0
  },
  "nCycleLat": 1.7792229793418834,
  "nCycleSen": 4.284416679433782,
  "nCycleTotal": 3.0067885509851404,
  "spf": 4.31608797249341
}